----------------------------------------------------------------
-Pin Report - Date: Mon Dec  5 15:56:34 2022 Pinchecksum: NOT-AVAILABLE
-Product: Designer
-Release: v2022.2
-Version: 2022.2.0.10
-Design Name: soundchip
-Family: SmartFusion2
-Die: M2S010
-Package: 256 VF
-----------------------------------------------------------------

Port          |Pin |Fixed |Function             |Bank     |I/O Std   |Direction                      |I/O state in Flash*Freeze mode |Resistor Pull                      |I/O available in Flash*Freeze mode |Schmitt Trigger |Odt_Static    |Odt Imp (Ohm)  |Low Power Exit |Input Delay |Slew         |Pre-Emphasis      |Output Drive (mA) |Output Load (pF) |
--------------|----|------|---------------------|---------|----------|-------------------------------|-------------------------------|-----------------------------------|-----------------------------------|----------------|--------------|---------------|---------------|------------|-------------|------------------|------------------|-----------------|
dac_out_left   H14  Yes    MSIO18PB2/GPIO_8_A    Bank2     LVCMOS33   Output                          TRISTATE                        None                                No                                  ---              ---            ---             ---             ---          ---           ---                4                  5                 
dac_out_right  H15  Yes    MSIO19PB2/GPIO_10_A   Bank2     LVCMOS33   Output                          TRISTATE                        None                                No                                  ---              ---            ---             ---             ---          ---           ---                4                  5                 
DEVRST_N       M11  Fixed  DEVRST_N              ---       
spi_miso       H3   Yes    MSIO81PB7             Bank7     LVCMOS33   Output                          TRISTATE                        None                                No                                  ---              ---            ---             ---             ---          ---           ---                4                  5                 
spi_mosi       P13  Yes    MSIO117NB4            Bank4     LVCMOS33   Input                           TRISTATE                        None                                No                                  Off              ---            ---             Off             Off          ---           ---                ---                ---               
spi_sck        L13  Yes    MSIO5NB2/USB_DATA5_B  Bank2     LVCMOS33   Input                           TRISTATE                        None                                No                                  Off              ---            ---             Off             Off          ---           ---                ---                ---               
spi_ss         L14  Yes    MSIO5PB2/USB_DATA4_B  Bank2     LVCMOS33   Input                           TRISTATE                        None                                No                                  Off              ---            ---             Off             Off          ---           ---                ---                ---               
